=== Section 1: class statistics. Which definition reproduces the document's numbers? ===
A: doc mean/vol/Sharpe/worst = (6.02, 30.97, 0.194, -54.65) | EW class portfolio: 6.02 / 14.61 / 0.412 / -19.85 | per-asset mean of vol 29.86, max vol 60.26, mean Sharpe 0.211, median Sharpe 0.253, worst single asset-month -54.65
B: doc mean/vol/Sharpe/worst = (-0.24, 10.19, -0.023, -16.29) | EW class portfolio: -0.24 / 7.95 / -0.030 / -8.52 | per-asset mean of vol 10.11, max vol 12.21, mean Sharpe -0.030, median Sharpe -0.013, worst single asset-month -16.29
C: doc mean/vol/Sharpe/worst = (4.77, 16.95, 0.282, -25.36) | EW class portfolio: 4.77 / 14.61 / 0.327 / -16.02 | per-asset mean of vol 16.79, max vol 20.01, mean Sharpe 0.290, median Sharpe 0.239, worst single asset-month -25.36
D: doc mean/vol/Sharpe/worst = (2.68, 6.63, 0.405, -12.08) | EW class portfolio: 2.68 / 5.28 / 0.508 / -5.03 | per-asset mean of vol 6.35, max vol 9.13, mean Sharpe 0.460, median Sharpe 0.471, worst single asset-month -12.08
pooled per-asset-month mean check for Sharpe (mean of all returns / sd of all returns): {'A': 0.194, 'B': -0.023, 'C': 0.282, 'D': 0.405} | pooled vol: {'A': 30.97, 'B': 10.19, 'C': 16.95, 'D': 6.63}

=== Section 2: country composition (A, B, C, D counts) ===
asset_class   A  B  C  D
country                 
country_1     0  1  0  0
country_10    0  1  0  0
country_11    0  1  1  1
country_12    0  1  0  1
country_2     0  0  1  0
country_3     0  1  1  1
country_4     0  0  1  0
country_5     0  1  1  1
country_6     0  0  1  0
country_7    26  0  1  1
country_8     0  1  1  1
country_9     0  1  1  1

=== Section 3: characteristics and macro traps ===
corr(x5, 36m sd of returns to t-1) = 1.0000; share within 1e-6: 99.67%
corr(x2, compounded return t-12..t-1) = 0.9934; share within 1e-6: 66.14%
asset_16: months with x5 == 0.004: 43, from 2019-09-30 to 2023-03-31
x10 constant within every country-year: True (300 country-years)
corr(x10, same-year mean of x86) = 0.9981
corr(x11, x86 - x12) = 0.9882; x11 missing values: 99; last x11 date by country (stopping early): {'country_11': '2024-03-31', 'country_12': '2020-10-31', 'country_9': '2021-08-31'}
x6: 2008-10 value 61.18, 2020-03 value 57.74, skewness 2.06
x8: 2009-03 -2.42, 2020-03 -2.35; mean 0.23, sd 1.01
x7 months above 1.20: ['2008-10-31', '2008-11-30', '2020-03-31', '2020-04-30', '2020-05-31', '2020-06-30']

=== Section 4: event returns quoted in the document (panel values) ===
asset_24 2008-10: document -16.78%  panel -16.78%  (class C, country_7)
asset_12 2008-10: document -25.36%  panel -25.36%  (class C, country_9)
asset_50 2008-10: document -8.45%  panel -8.45%  (class C, country_11)
asset_8 2008-10: document +7.39%  panel +7.39%  (class B, country_9)
asset_17 2008-10: document -16.29%  panel -16.29%  (class B, country_1)
asset_27 2008-11: document +11.97%  panel +11.97%  (class D, country_7)
asset_34 2015-01: document +7.94%  panel +7.94%  (class B, country_11)
asset_34 2015-02: document -3.09%  panel -3.09%  (class B, country_11)
asset_22 2015-01: document -6.77%  panel -6.77%  (class B, country_8)
asset_30 2015-01: document -8.59%  panel -8.59%  (class B, country_3)
asset_31 2015-01: document -3.66%  panel -3.66%  (class B, country_5)
asset_31 2016-06: document -8.18%  panel -8.18%  (class B, country_5)
asset_8 2016-06: document +7.98%  panel +7.98%  (class B, country_9)
asset_22 2016-06: document -0.32%  panel -0.32%  (class B, country_8)
asset_25 2022-09: document -12.08%  panel -12.08%  (class D, country_5)
asset_25 2022-10: document +4.69%  panel +4.69%  (class D, country_5)
asset_27 2022-09: document -6.61%  panel -6.61%  (class D, country_7)
asset_21 2022-09: document -5.81%  panel -5.81%  (class D, country_8)
asset_16 2022-09: document -0.58%  panel -0.58%  (class D, country_9)
asset_33 2020-03: document -54.65%  panel -54.65%  (class A, country_7)
asset_15 2020-03: document -54.21%  panel -54.21%  (class A, country_7)
asset_6 2008-09: document +5.17%  panel +5.17%  (class A, country_7)
asset_6 2011-08: document +12.23%  panel +12.23%  (class A, country_7)
mismatches: []
worst class-D asset-month: (Timestamp('2022-09-30 00:00:00'), 'asset_25') -12.08%
worst class-A asset-month: (Timestamp('2020-03-31 00:00:00'), 'asset_33')
asset_24 is the only class-C asset of country_7: ['asset_24'], class D of country_7: ['asset_27']
